// Jest Snapshot v1, https://goo.gl/fbAQLP

exports[`Card should render with title, description, image, etc. 1`] = `
<div
  className="row"
>
  <div
    className="side"
  >
    <img
      alt=""
      className="Card-img"
      src="https://cdn-images-1.medium.com/max/800/1*cioT9CBBV2s0svet9LqKZA.png"
    />
  </div>
  <div
    className="main"
  >
    <div
      className="upperScreen"
    >
      <div
        className="titleStyle"
      >
         
        Do Something You Can't Win At
         
      </div>
      <br />
      <div
        align="left"
      >
        And make it something you love
      </div>
    </div>
    <div
      className="authorInfo"
    >
      <div>
        <div>
          <img
            alt=""
            className="Author-img"
            src="https://cdn-images-1.medium.com/fit/c/80/80/1*e7o4kbk8ofT6eKaLrO0jaw.png"
          />
        </div>
      </div>
      <div
        className="authorInfo-namedate"
      >
        <div
          className="authorNameStyle"
        >
          Kris Gage
        </div>
        <div
          align="left"
        >
           
          Mar 30
           - 
          3
           min read
        </div>
      </div>
      <div
        className="bookmarkContainer"
      >
        <img
          alt="Bookmark"
          className="bookmarkStyle"
          src="icon-bookmark.svg"
        />
      </div>
    </div>
  </div>
</div>
`;
